---
source: tests/dependencies.rs
expression: output
snapshot_kind: text
---
COMMAND:
dependencies
--bin
foobar

STDERR:
Error: Multiple packages present in workspace,
please explicitly select one via --package flag.

Packages present in workspace:
- package_bin_target
- package_lib_target
- package_multi_target


STDOUT:
