---
source: tests/dependencies.rs
expression: output
---
STDERR:

STDOUT:
digraph {

    graph [
        label="smoke",
        labelloc=t,

        pad=0.4,

        // Consider rendering the graph using a different layout algorithm, such as:
        // [dot, neato, twopi, circo, fdp, sfdp]
        layout=neato,
        overlap=false,
        splines="line",
        rankdir=LR,

        fontname="Helvetica", 
        fontsize="36",
    ];

    node [
        fontname="monospace",
        fontsize="10",
        shape="record",
        style="filled",
    ];

    edge [
        fontname="monospace",
        fontsize="10",
    ];

    "alloc::fmt" [label="external mod|alloc::fmt", fillcolor="#81c169"]; // "mod" node
    "alloc::string::String" [label="external struct|alloc::string::String", fillcolor="#81c169"]; // "struct" node
    "bool" [label="external builtin|bool", fillcolor="#81c169"]; // "builtin" node
    "core::cmp" [label="external mod|core::cmp", fillcolor="#81c169"]; // "mod" node
    "core::future::future::Future" [label="external trait|core::future::future::Future", fillcolor="#81c169"]; // "trait" node
    "core::marker::Sized" [label="external trait|core::marker::Sized", fillcolor="#81c169"]; // "trait" node
    "core::ops" [label="external mod|core::ops", fillcolor="#81c169"]; // "mod" node
    "i32" [label="external builtin|i32", fillcolor="#81c169"]; // "builtin" node
    "smoke" [label="crate|smoke", fillcolor="#5397c8"]; // "crate" node
    "str" [label="external builtin|str", fillcolor="#81c169"]; // "builtin" node

    "smoke" -> "alloc::fmt" [label="uses", color="#7f7f7f", style="dashed"] [constraint=false]; // "uses" edge
    "smoke" -> "alloc::string::String" [label="uses", color="#7f7f7f", style="dashed"] [constraint=false]; // "uses" edge
    "smoke" -> "bool" [label="uses", color="#7f7f7f", style="dashed"] [constraint=false]; // "uses" edge
    "smoke" -> "core::cmp" [label="uses", color="#7f7f7f", style="dashed"] [constraint=false]; // "uses" edge
    "smoke" -> "core::future::future::Future" [label="uses", color="#7f7f7f", style="dashed"] [constraint=false]; // "uses" edge
    "smoke" -> "core::marker::Sized" [label="uses", color="#7f7f7f", style="dashed"] [constraint=false]; // "uses" edge
    "smoke" -> "core::ops" [label="uses", color="#7f7f7f", style="dashed"] [constraint=false]; // "uses" edge
    "smoke" -> "i32" [label="uses", color="#7f7f7f", style="dashed"] [constraint=false]; // "uses" edge
    "smoke" -> "str" [label="uses", color="#7f7f7f", style="dashed"] [constraint=false]; // "uses" edge

}

