---
source: tests/dependencies.rs
expression: output
---
STDERR:

STDOUT:
digraph {

    graph [
        label="smoke",
        labelloc=t,

        pad=0.4,

        // Consider rendering the graph using a different layout algorithm, such as:
        // [dot, neato, twopi, circo, fdp, sfdp]
        layout=neato,
        overlap=false,
        splines="line",
        rankdir=LR,

        fontname="Helvetica", 
        fontsize="36",
    ];

    node [
        fontname="monospace",
        fontsize="10",
        shape="record",
        style="filled",
    ];

    edge [
        fontname="monospace",
        fontsize="10",
    ];

    "alloc::string::String" [label="external struct|alloc::string::String", fillcolor="#81c169"]; // "struct" node
    "bool" [label="external builtin|bool", fillcolor="#81c169"]; // "builtin" node
    "core::future::future::Future" [label="external trait|core::future::future::Future", fillcolor="#81c169"]; // "trait" node
    "core::marker::Sized" [label="external trait|core::marker::Sized", fillcolor="#81c169"]; // "trait" node
    "i32" [label="external builtin|i32", fillcolor="#81c169"]; // "builtin" node
    "smoke" [label="crate|smoke", fillcolor="#5397c8"]; // "crate" node
    "smoke::derives::Dummy" [label="pub(self) struct|smoke::derives::Dummy", fillcolor="#db5367"]; // "struct" node
    "smoke::derives::Dummy::clone" [label="pub(self) fn|smoke::derives::Dummy::clone", fillcolor="#db5367"]; // "fn" node
    "smoke::functions::Core" [label="pub(self) type|smoke::functions::Core", fillcolor="#db5367"]; // "type" node
    "smoke::functions::Crate" [label="pub(self) type|smoke::functions::Crate", fillcolor="#db5367"]; // "type" node
    "smoke::functions::Local" [label="pub(self) struct|smoke::functions::Local", fillcolor="#db5367"]; // "struct" node
    "smoke::functions::Std" [label="pub(self) type|smoke::functions::Std", fillcolor="#db5367"]; // "type" node
    "smoke::functions::body" [label="pub(self) fn|smoke::functions::body", fillcolor="#db5367"]; // "fn" node
    "smoke::functions::inputs" [label="pub(self) fn|smoke::functions::inputs", fillcolor="#db5367"]; // "fn" node
    "smoke::functions::outputs" [label="pub(self) fn|smoke::functions::outputs", fillcolor="#db5367"]; // "fn" node
    "smoke::hierarchy::lorem::Lorem" [label="pub(self) struct|smoke::hierarchy::lorem::Lorem", fillcolor="#db5367"]; // "struct" node
    "smoke::hierarchy::lorem::consectetur::Consectetur" [label="pub(self) struct|smoke::hierarchy::lorem::consectetur::Consectetur", fillcolor="#db5367"]; // "struct" node
    "smoke::hierarchy::lorem::consectetur::adipiscing::Adipiscing" [label="pub(self) struct|smoke::hierarchy::lorem::consectetur::adipiscing::Adipiscing", fillcolor="#db5367"]; // "struct" node
    "smoke::hierarchy::lorem::consectetur::adipiscing::elit::Elit" [label="pub(self) struct|smoke::hierarchy::lorem::consectetur::adipiscing::elit::Elit", fillcolor="#db5367"]; // "struct" node
    "smoke::hierarchy::lorem::dolor::Dolor" [label="pub(self) struct|smoke::hierarchy::lorem::dolor::Dolor", fillcolor="#db5367"]; // "struct" node
    "smoke::hierarchy::lorem::dolor::sit::Sit" [label="pub(self) struct|smoke::hierarchy::lorem::dolor::sit::Sit", fillcolor="#db5367"]; // "struct" node
    "smoke::hierarchy::lorem::dolor::sit::amet::Amet" [label="pub(self) struct|smoke::hierarchy::lorem::dolor::sit::amet::Amet", fillcolor="#db5367"]; // "struct" node
    "smoke::hierarchy::lorem::ipsum::Ipsum" [label="pub(self) struct|smoke::hierarchy::lorem::ipsum::Ipsum", fillcolor="#db5367"]; // "struct" node
    "smoke::methods::Core" [label="pub(self) type|smoke::methods::Core", fillcolor="#db5367"]; // "type" node
    "smoke::methods::Crate" [label="pub(self) type|smoke::methods::Crate", fillcolor="#db5367"]; // "type" node
    "smoke::methods::Dummy" [label="pub(self) struct|smoke::methods::Dummy", fillcolor="#db5367"]; // "struct" node
    "smoke::methods::Dummy::body" [label="pub(self) fn|smoke::methods::Dummy::body", fillcolor="#db5367"]; // "fn" node
    "smoke::methods::Dummy::inputs" [label="pub(self) fn|smoke::methods::Dummy::inputs", fillcolor="#db5367"]; // "fn" node
    "smoke::methods::Dummy::outputs" [label="pub(self) fn|smoke::methods::Dummy::outputs", fillcolor="#db5367"]; // "fn" node
    "smoke::methods::Local" [label="pub(self) struct|smoke::methods::Local", fillcolor="#db5367"]; // "struct" node
    "smoke::methods::Std" [label="pub(self) type|smoke::methods::Std", fillcolor="#db5367"]; // "type" node
    "smoke::target::Target" [label="pub struct|smoke::target::Target", fillcolor="#81c169"]; // "struct" node
    "smoke::visibility::dummy::enums::PubCrate" [label="pub(crate) enum|smoke::visibility::dummy::enums::PubCrate", fillcolor="#f8c04c"]; // "enum" node
    "smoke::visibility::dummy::enums::PubModule" [label="pub(in crate::visibility) enum|smoke::visibility::dummy::enums::PubModule", fillcolor="#fe9454"]; // "enum" node
    "smoke::visibility::dummy::enums::PubPrivate" [label="pub(self) enum|smoke::visibility::dummy::enums::PubPrivate", fillcolor="#db5367"]; // "enum" node
    "smoke::visibility::dummy::enums::PubPublic" [label="pub enum|smoke::visibility::dummy::enums::PubPublic", fillcolor="#81c169"]; // "enum" node
    "smoke::visibility::dummy::enums::PubSuper" [label="pub(super) enum|smoke::visibility::dummy::enums::PubSuper", fillcolor="#fe9454"]; // "enum" node
    "smoke::visibility::dummy::fns::pub_crate" [label="pub(crate) fn|smoke::visibility::dummy::fns::pub_crate", fillcolor="#f8c04c"]; // "fn" node
    "smoke::visibility::dummy::fns::pub_module" [label="pub(in crate::visibility) fn|smoke::visibility::dummy::fns::pub_module", fillcolor="#fe9454"]; // "fn" node
    "smoke::visibility::dummy::fns::pub_private" [label="pub(self) fn|smoke::visibility::dummy::fns::pub_private", fillcolor="#db5367"]; // "fn" node
    "smoke::visibility::dummy::fns::pub_public" [label="pub fn|smoke::visibility::dummy::fns::pub_public", fillcolor="#81c169"]; // "fn" node
    "smoke::visibility::dummy::fns::pub_super" [label="pub(super) fn|smoke::visibility::dummy::fns::pub_super", fillcolor="#fe9454"]; // "fn" node
    "smoke::visibility::dummy::kinds::AsyncFunction" [label="pub(self) async fn|smoke::visibility::dummy::kinds::AsyncFunction", fillcolor="#db5367"]; // "async fn" node
    "smoke::visibility::dummy::kinds::ConstFunction" [label="pub(self) const fn|smoke::visibility::dummy::kinds::ConstFunction", fillcolor="#db5367"]; // "const fn" node
    "smoke::visibility::dummy::kinds::Enum" [label="pub(self) enum|smoke::visibility::dummy::kinds::Enum", fillcolor="#db5367"]; // "enum" node
    "smoke::visibility::dummy::kinds::Function" [label="pub(self) fn|smoke::visibility::dummy::kinds::Function", fillcolor="#db5367"]; // "fn" node
    "smoke::visibility::dummy::kinds::Struct" [label="pub(self) struct|smoke::visibility::dummy::kinds::Struct", fillcolor="#db5367"]; // "struct" node
    "smoke::visibility::dummy::kinds::Trait" [label="pub(self) trait|smoke::visibility::dummy::kinds::Trait", fillcolor="#db5367"]; // "trait" node
    "smoke::visibility::dummy::kinds::TraitAlias" [label="pub(self) type|smoke::visibility::dummy::kinds::TraitAlias", fillcolor="#db5367"]; // "type" node
    "smoke::visibility::dummy::kinds::TypeAlias" [label="pub(self) type|smoke::visibility::dummy::kinds::TypeAlias", fillcolor="#db5367"]; // "type" node
    "smoke::visibility::dummy::kinds::Union" [label="pub(self) union|smoke::visibility::dummy::kinds::Union", fillcolor="#db5367"]; // "union" node
    "smoke::visibility::dummy::kinds::UnsafeFunction" [label="pub(self) unsafe fn|smoke::visibility::dummy::kinds::UnsafeFunction", fillcolor="#db5367"]; // "unsafe fn" node
    "smoke::visibility::dummy::kinds::UnsafeTrait" [label="pub(self) unsafe trait|smoke::visibility::dummy::kinds::UnsafeTrait", fillcolor="#db5367"]; // "unsafe trait" node
    "smoke::visibility::dummy::structs::PubCrate" [label="pub(crate) struct|smoke::visibility::dummy::structs::PubCrate", fillcolor="#f8c04c"]; // "struct" node
    "smoke::visibility::dummy::structs::PubModule" [label="pub(in crate::visibility) struct|smoke::visibility::dummy::structs::PubModule", fillcolor="#fe9454"]; // "struct" node
    "smoke::visibility::dummy::structs::PubPrivate" [label="pub(self) struct|smoke::visibility::dummy::structs::PubPrivate", fillcolor="#db5367"]; // "struct" node
    "smoke::visibility::dummy::structs::PubPublic" [label="pub struct|smoke::visibility::dummy::structs::PubPublic", fillcolor="#81c169"]; // "struct" node
    "smoke::visibility::dummy::structs::PubSuper" [label="pub(super) struct|smoke::visibility::dummy::structs::PubSuper", fillcolor="#fe9454"]; // "struct" node
    "smoke::visibility::dummy::traits::r#unsafe::PubCrate" [label="pub(crate) unsafe trait|smoke::visibility::dummy::traits::r#unsafe::PubCrate", fillcolor="#f8c04c"]; // "unsafe trait" node
    "smoke::visibility::dummy::traits::r#unsafe::PubModule" [label="pub(in crate::visibility) unsafe trait|smoke::visibility::dummy::traits::r#unsafe::PubModule", fillcolor="#fe9454"]; // "unsafe trait" node
    "smoke::visibility::dummy::traits::r#unsafe::PubPrivate" [label="pub(self) unsafe trait|smoke::visibility::dummy::traits::r#unsafe::PubPrivate", fillcolor="#db5367"]; // "unsafe trait" node
    "smoke::visibility::dummy::traits::r#unsafe::PubPublic" [label="pub unsafe trait|smoke::visibility::dummy::traits::r#unsafe::PubPublic", fillcolor="#81c169"]; // "unsafe trait" node
    "smoke::visibility::dummy::traits::r#unsafe::PubSuper" [label="pub(super) unsafe trait|smoke::visibility::dummy::traits::r#unsafe::PubSuper", fillcolor="#fe9454"]; // "unsafe trait" node
    "smoke::visibility::dummy::traits::safe::PubCrate" [label="pub(crate) trait|smoke::visibility::dummy::traits::safe::PubCrate", fillcolor="#f8c04c"]; // "trait" node
    "smoke::visibility::dummy::traits::safe::PubModule" [label="pub(in crate::visibility) trait|smoke::visibility::dummy::traits::safe::PubModule", fillcolor="#fe9454"]; // "trait" node
    "smoke::visibility::dummy::traits::safe::PubPrivate" [label="pub(self) trait|smoke::visibility::dummy::traits::safe::PubPrivate", fillcolor="#db5367"]; // "trait" node
    "smoke::visibility::dummy::traits::safe::PubPublic" [label="pub trait|smoke::visibility::dummy::traits::safe::PubPublic", fillcolor="#81c169"]; // "trait" node
    "smoke::visibility::dummy::traits::safe::PubSuper" [label="pub(super) trait|smoke::visibility::dummy::traits::safe::PubSuper", fillcolor="#fe9454"]; // "trait" node
    "smoke::visibility::dummy::unions::PubCrate" [label="pub(crate) union|smoke::visibility::dummy::unions::PubCrate", fillcolor="#f8c04c"]; // "union" node
    "smoke::visibility::dummy::unions::PubModule" [label="pub(in crate::visibility) union|smoke::visibility::dummy::unions::PubModule", fillcolor="#fe9454"]; // "union" node
    "smoke::visibility::dummy::unions::PubPrivate" [label="pub(self) union|smoke::visibility::dummy::unions::PubPrivate", fillcolor="#db5367"]; // "union" node
    "smoke::visibility::dummy::unions::PubPublic" [label="pub union|smoke::visibility::dummy::unions::PubPublic", fillcolor="#81c169"]; // "union" node
    "smoke::visibility::dummy::unions::PubSuper" [label="pub(super) union|smoke::visibility::dummy::unions::PubSuper", fillcolor="#fe9454"]; // "union" node
    "str" [label="external builtin|str", fillcolor="#81c169"]; // "builtin" node

    "smoke" -> "smoke::derives::Dummy" [label="owns", color="#000000", style="solid"] [constraint=true]; // "owns" edge
    "smoke" -> "smoke::functions::Core" [label="owns", color="#000000", style="solid"] [constraint=true]; // "owns" edge
    "smoke" -> "smoke::functions::Crate" [label="owns", color="#000000", style="solid"] [constraint=true]; // "owns" edge
    "smoke" -> "smoke::functions::Local" [label="owns", color="#000000", style="solid"] [constraint=true]; // "owns" edge
    "smoke" -> "smoke::functions::Std" [label="owns", color="#000000", style="solid"] [constraint=true]; // "owns" edge
    "smoke" -> "smoke::functions::body" [label="owns", color="#000000", style="solid"] [constraint=true]; // "owns" edge
    "smoke" -> "smoke::functions::inputs" [label="owns", color="#000000", style="solid"] [constraint=true]; // "owns" edge
    "smoke" -> "smoke::functions::outputs" [label="owns", color="#000000", style="solid"] [constraint=true]; // "owns" edge
    "smoke" -> "smoke::hierarchy::lorem::Lorem" [label="owns", color="#000000", style="solid"] [constraint=true]; // "owns" edge
    "smoke" -> "smoke::hierarchy::lorem::consectetur::Consectetur" [label="owns", color="#000000", style="solid"] [constraint=true]; // "owns" edge
    "smoke" -> "smoke::hierarchy::lorem::consectetur::adipiscing::Adipiscing" [label="owns", color="#000000", style="solid"] [constraint=true]; // "owns" edge
    "smoke" -> "smoke::hierarchy::lorem::consectetur::adipiscing::elit::Elit" [label="owns", color="#000000", style="solid"] [constraint=true]; // "owns" edge
    "smoke" -> "smoke::hierarchy::lorem::dolor::Dolor" [label="owns", color="#000000", style="solid"] [constraint=true]; // "owns" edge
    "smoke" -> "smoke::hierarchy::lorem::dolor::sit::Sit" [label="owns", color="#000000", style="solid"] [constraint=true]; // "owns" edge
    "smoke" -> "smoke::hierarchy::lorem::dolor::sit::amet::Amet" [label="owns", color="#000000", style="solid"] [constraint=true]; // "owns" edge
    "smoke" -> "smoke::hierarchy::lorem::ipsum::Ipsum" [label="owns", color="#000000", style="solid"] [constraint=true]; // "owns" edge
    "smoke" -> "smoke::methods::Core" [label="owns", color="#000000", style="solid"] [constraint=true]; // "owns" edge
    "smoke" -> "smoke::methods::Crate" [label="owns", color="#000000", style="solid"] [constraint=true]; // "owns" edge
    "smoke" -> "smoke::methods::Dummy" [label="owns", color="#000000", style="solid"] [constraint=true]; // "owns" edge
    "smoke" -> "smoke::methods::Local" [label="owns", color="#000000", style="solid"] [constraint=true]; // "owns" edge
    "smoke" -> "smoke::methods::Std" [label="owns", color="#000000", style="solid"] [constraint=true]; // "owns" edge
    "smoke" -> "smoke::target::Target" [label="owns", color="#000000", style="solid"] [constraint=true]; // "owns" edge
    "smoke" -> "smoke::visibility::dummy::enums::PubCrate" [label="owns", color="#000000", style="solid"] [constraint=true]; // "owns" edge
    "smoke" -> "smoke::visibility::dummy::enums::PubModule" [label="owns", color="#000000", style="solid"] [constraint=true]; // "owns" edge
    "smoke" -> "smoke::visibility::dummy::enums::PubPrivate" [label="owns", color="#000000", style="solid"] [constraint=true]; // "owns" edge
    "smoke" -> "smoke::visibility::dummy::enums::PubPublic" [label="owns", color="#000000", style="solid"] [constraint=true]; // "owns" edge
    "smoke" -> "smoke::visibility::dummy::enums::PubSuper" [label="owns", color="#000000", style="solid"] [constraint=true]; // "owns" edge
    "smoke" -> "smoke::visibility::dummy::fns::pub_crate" [label="owns", color="#000000", style="solid"] [constraint=true]; // "owns" edge
    "smoke" -> "smoke::visibility::dummy::fns::pub_module" [label="owns", color="#000000", style="solid"] [constraint=true]; // "owns" edge
    "smoke" -> "smoke::visibility::dummy::fns::pub_private" [label="owns", color="#000000", style="solid"] [constraint=true]; // "owns" edge
    "smoke" -> "smoke::visibility::dummy::fns::pub_public" [label="owns", color="#000000", style="solid"] [constraint=true]; // "owns" edge
    "smoke" -> "smoke::visibility::dummy::fns::pub_super" [label="owns", color="#000000", style="solid"] [constraint=true]; // "owns" edge
    "smoke" -> "smoke::visibility::dummy::kinds::AsyncFunction" [label="owns", color="#000000", style="solid"] [constraint=true]; // "owns" edge
    "smoke" -> "smoke::visibility::dummy::kinds::ConstFunction" [label="owns", color="#000000", style="solid"] [constraint=true]; // "owns" edge
    "smoke" -> "smoke::visibility::dummy::kinds::Enum" [label="owns", color="#000000", style="solid"] [constraint=true]; // "owns" edge
    "smoke" -> "smoke::visibility::dummy::kinds::Function" [label="owns", color="#000000", style="solid"] [constraint=true]; // "owns" edge
    "smoke" -> "smoke::visibility::dummy::kinds::Struct" [label="owns", color="#000000", style="solid"] [constraint=true]; // "owns" edge
    "smoke" -> "smoke::visibility::dummy::kinds::Trait" [label="owns", color="#000000", style="solid"] [constraint=true]; // "owns" edge
    "smoke" -> "smoke::visibility::dummy::kinds::TraitAlias" [label="owns", color="#000000", style="solid"] [constraint=true]; // "owns" edge
    "smoke" -> "smoke::visibility::dummy::kinds::TypeAlias" [label="owns", color="#000000", style="solid"] [constraint=true]; // "owns" edge
    "smoke" -> "smoke::visibility::dummy::kinds::Union" [label="owns", color="#000000", style="solid"] [constraint=true]; // "owns" edge
    "smoke" -> "smoke::visibility::dummy::kinds::UnsafeFunction" [label="owns", color="#000000", style="solid"] [constraint=true]; // "owns" edge
    "smoke" -> "smoke::visibility::dummy::kinds::UnsafeTrait" [label="owns", color="#000000", style="solid"] [constraint=true]; // "owns" edge
    "smoke" -> "smoke::visibility::dummy::structs::PubCrate" [label="owns", color="#000000", style="solid"] [constraint=true]; // "owns" edge
    "smoke" -> "smoke::visibility::dummy::structs::PubModule" [label="owns", color="#000000", style="solid"] [constraint=true]; // "owns" edge
    "smoke" -> "smoke::visibility::dummy::structs::PubPrivate" [label="owns", color="#000000", style="solid"] [constraint=true]; // "owns" edge
    "smoke" -> "smoke::visibility::dummy::structs::PubPublic" [label="owns", color="#000000", style="solid"] [constraint=true]; // "owns" edge
    "smoke" -> "smoke::visibility::dummy::structs::PubSuper" [label="owns", color="#000000", style="solid"] [constraint=true]; // "owns" edge
    "smoke" -> "smoke::visibility::dummy::traits::r#unsafe::PubCrate" [label="owns", color="#000000", style="solid"] [constraint=true]; // "owns" edge
    "smoke" -> "smoke::visibility::dummy::traits::r#unsafe::PubModule" [label="owns", color="#000000", style="solid"] [constraint=true]; // "owns" edge
    "smoke" -> "smoke::visibility::dummy::traits::r#unsafe::PubPrivate" [label="owns", color="#000000", style="solid"] [constraint=true]; // "owns" edge
    "smoke" -> "smoke::visibility::dummy::traits::r#unsafe::PubPublic" [label="owns", color="#000000", style="solid"] [constraint=true]; // "owns" edge
    "smoke" -> "smoke::visibility::dummy::traits::r#unsafe::PubSuper" [label="owns", color="#000000", style="solid"] [constraint=true]; // "owns" edge
    "smoke" -> "smoke::visibility::dummy::traits::safe::PubCrate" [label="owns", color="#000000", style="solid"] [constraint=true]; // "owns" edge
    "smoke" -> "smoke::visibility::dummy::traits::safe::PubModule" [label="owns", color="#000000", style="solid"] [constraint=true]; // "owns" edge
    "smoke" -> "smoke::visibility::dummy::traits::safe::PubPrivate" [label="owns", color="#000000", style="solid"] [constraint=true]; // "owns" edge
    "smoke" -> "smoke::visibility::dummy::traits::safe::PubPublic" [label="owns", color="#000000", style="solid"] [constraint=true]; // "owns" edge
    "smoke" -> "smoke::visibility::dummy::traits::safe::PubSuper" [label="owns", color="#000000", style="solid"] [constraint=true]; // "owns" edge
    "smoke" -> "smoke::visibility::dummy::unions::PubCrate" [label="owns", color="#000000", style="solid"] [constraint=true]; // "owns" edge
    "smoke" -> "smoke::visibility::dummy::unions::PubModule" [label="owns", color="#000000", style="solid"] [constraint=true]; // "owns" edge
    "smoke" -> "smoke::visibility::dummy::unions::PubPrivate" [label="owns", color="#000000", style="solid"] [constraint=true]; // "owns" edge
    "smoke" -> "smoke::visibility::dummy::unions::PubPublic" [label="owns", color="#000000", style="solid"] [constraint=true]; // "owns" edge
    "smoke" -> "smoke::visibility::dummy::unions::PubSuper" [label="owns", color="#000000", style="solid"] [constraint=true]; // "owns" edge
    "smoke::derives::Dummy" -> "smoke::derives::Dummy::clone" [label="owns", color="#000000", style="solid"] [constraint=true]; // "owns" edge
    "smoke::derives::Dummy::clone" -> "bool" [label="uses", color="#7f7f7f", style="dashed"] [constraint=false]; // "uses" edge
    "smoke::derives::Dummy::clone" -> "smoke::derives::Dummy" [label="uses", color="#7f7f7f", style="dashed"] [constraint=false]; // "uses" edge
    "smoke::functions::Crate" -> "smoke::target::Target" [label="uses", color="#7f7f7f", style="dashed"] [constraint=false]; // "uses" edge
    "smoke::functions::Std" -> "alloc::string::String" [label="uses", color="#7f7f7f", style="dashed"] [constraint=false]; // "uses" edge
    "smoke::functions::body" -> "alloc::string::String" [label="uses", color="#7f7f7f", style="dashed"] [constraint=false]; // "uses" edge
    "smoke::functions::body" -> "i32" [label="uses", color="#7f7f7f", style="dashed"] [constraint=false]; // "uses" edge
    "smoke::functions::body" -> "smoke::functions::Local" [label="uses", color="#7f7f7f", style="dashed"] [constraint=false]; // "uses" edge
    "smoke::functions::body" -> "smoke::target::Target" [label="uses", color="#7f7f7f", style="dashed"] [constraint=false]; // "uses" edge
    "smoke::functions::body" -> "str" [label="uses", color="#7f7f7f", style="dashed"] [constraint=false]; // "uses" edge
    "smoke::functions::inputs" -> "alloc::string::String" [label="uses", color="#7f7f7f", style="dashed"] [constraint=false]; // "uses" edge
    "smoke::functions::inputs" -> "i32" [label="uses", color="#7f7f7f", style="dashed"] [constraint=false]; // "uses" edge
    "smoke::functions::inputs" -> "smoke::functions::Local" [label="uses", color="#7f7f7f", style="dashed"] [constraint=false]; // "uses" edge
    "smoke::functions::inputs" -> "smoke::target::Target" [label="uses", color="#7f7f7f", style="dashed"] [constraint=false]; // "uses" edge
    "smoke::functions::inputs" -> "str" [label="uses", color="#7f7f7f", style="dashed"] [constraint=false]; // "uses" edge
    "smoke::functions::outputs" -> "alloc::string::String" [label="uses", color="#7f7f7f", style="dashed"] [constraint=false]; // "uses" edge
    "smoke::functions::outputs" -> "i32" [label="uses", color="#7f7f7f", style="dashed"] [constraint=false]; // "uses" edge
    "smoke::functions::outputs" -> "smoke::functions::Local" [label="uses", color="#7f7f7f", style="dashed"] [constraint=false]; // "uses" edge
    "smoke::functions::outputs" -> "smoke::target::Target" [label="uses", color="#7f7f7f", style="dashed"] [constraint=false]; // "uses" edge
    "smoke::functions::outputs" -> "str" [label="uses", color="#7f7f7f", style="dashed"] [constraint=false]; // "uses" edge
    "smoke::methods::Crate" -> "smoke::target::Target" [label="uses", color="#7f7f7f", style="dashed"] [constraint=false]; // "uses" edge
    "smoke::methods::Dummy" -> "smoke::methods::Dummy::body" [label="owns", color="#000000", style="solid"] [constraint=true]; // "owns" edge
    "smoke::methods::Dummy" -> "smoke::methods::Dummy::inputs" [label="owns", color="#000000", style="solid"] [constraint=true]; // "owns" edge
    "smoke::methods::Dummy" -> "smoke::methods::Dummy::outputs" [label="owns", color="#000000", style="solid"] [constraint=true]; // "owns" edge
    "smoke::methods::Dummy::body" -> "alloc::string::String" [label="uses", color="#7f7f7f", style="dashed"] [constraint=false]; // "uses" edge
    "smoke::methods::Dummy::body" -> "i32" [label="uses", color="#7f7f7f", style="dashed"] [constraint=false]; // "uses" edge
    "smoke::methods::Dummy::body" -> "smoke::methods::Local" [label="uses", color="#7f7f7f", style="dashed"] [constraint=false]; // "uses" edge
    "smoke::methods::Dummy::body" -> "smoke::target::Target" [label="uses", color="#7f7f7f", style="dashed"] [constraint=false]; // "uses" edge
    "smoke::methods::Dummy::body" -> "str" [label="uses", color="#7f7f7f", style="dashed"] [constraint=false]; // "uses" edge
    "smoke::methods::Dummy::inputs" -> "alloc::string::String" [label="uses", color="#7f7f7f", style="dashed"] [constraint=false]; // "uses" edge
    "smoke::methods::Dummy::inputs" -> "i32" [label="uses", color="#7f7f7f", style="dashed"] [constraint=false]; // "uses" edge
    "smoke::methods::Dummy::inputs" -> "smoke::methods::Local" [label="uses", color="#7f7f7f", style="dashed"] [constraint=false]; // "uses" edge
    "smoke::methods::Dummy::inputs" -> "smoke::target::Target" [label="uses", color="#7f7f7f", style="dashed"] [constraint=false]; // "uses" edge
    "smoke::methods::Dummy::inputs" -> "str" [label="uses", color="#7f7f7f", style="dashed"] [constraint=false]; // "uses" edge
    "smoke::methods::Dummy::outputs" -> "alloc::string::String" [label="uses", color="#7f7f7f", style="dashed"] [constraint=false]; // "uses" edge
    "smoke::methods::Dummy::outputs" -> "i32" [label="uses", color="#7f7f7f", style="dashed"] [constraint=false]; // "uses" edge
    "smoke::methods::Dummy::outputs" -> "smoke::methods::Local" [label="uses", color="#7f7f7f", style="dashed"] [constraint=false]; // "uses" edge
    "smoke::methods::Dummy::outputs" -> "smoke::target::Target" [label="uses", color="#7f7f7f", style="dashed"] [constraint=false]; // "uses" edge
    "smoke::methods::Dummy::outputs" -> "str" [label="uses", color="#7f7f7f", style="dashed"] [constraint=false]; // "uses" edge
    "smoke::methods::Std" -> "alloc::string::String" [label="uses", color="#7f7f7f", style="dashed"] [constraint=false]; // "uses" edge
    "smoke::visibility::dummy::kinds::AsyncFunction" -> "core::future::future::Future" [label="uses", color="#7f7f7f", style="dashed"] [constraint=false]; // "uses" edge
    "smoke::visibility::dummy::kinds::AsyncFunction" -> "core::marker::Sized" [label="uses", color="#7f7f7f", style="dashed"] [constraint=false]; // "uses" edge
    "smoke::visibility::dummy::kinds::TraitAlias" -> "smoke::visibility::dummy::kinds::Trait" [label="uses", color="#7f7f7f", style="dashed"] [constraint=false]; // "uses" edge
    "smoke::visibility::dummy::kinds::TypeAlias" -> "smoke::visibility::dummy::kinds::Struct" [label="uses", color="#7f7f7f", style="dashed"] [constraint=false]; // "uses" edge

}

