---
source: tests/dependencies.rs
expression: output
snapshot_kind: text
---
COMMAND:
dependencies
--bin
package_multi_target

STDERR:

STDOUT:
digraph {

    graph [
        label="package_multi_target",
        labelloc=t,

        pad=0.4,

        // Consider rendering the graph using a different layout algorithm, such as:
        // [dot, neato, twopi, circo, fdp, sfdp]
        layout=neato,
        overlap=false,
        splines="line",
        rankdir=LR,

        fontname="Helvetica", 
        fontsize="36",
    ];

    node [
        fontname="monospace",
        fontsize="10",
        shape="record",
        style="filled",
    ];

    edge [
        fontname="monospace",
        fontsize="10",
    ];

    "package_multi_target" [label="crate|package_multi_target", fillcolor="#5397c8"]; // "crate" node
    "package_multi_target::main" [label="pub(crate) fn|package_multi_target::main", fillcolor="#f8c04c"]; // "fn" node

    "package_multi_target" -> "package_multi_target::main" [label="owns", color="#000000", style="solid"] [constraint=true]; // "owns" edge

}
