---
source: tests/dependencies.rs
expression: output
snapshot_kind: text
---
COMMAND:
dependencies

STDERR:

STDOUT:
digraph {

    graph [
        label="function_body",
        labelloc=t,

        pad=0.4,

        // Consider rendering the graph using a different layout algorithm, such as:
        // [dot, neato, twopi, circo, fdp, sfdp]
        layout=neato,
        overlap=false,
        splines="line",
        rankdir=LR,

        fontname="Helvetica", 
        fontsize="36",
    ];

    node [
        fontname="monospace",
        fontsize="10",
        shape="record",
        style="filled",
    ];

    edge [
        fontname="monospace",
        fontsize="10",
    ];

    "bool" [label="external builtin|bool", fillcolor="#81c169"]; // "builtin" node
    "char" [label="external builtin|char", fillcolor="#81c169"]; // "builtin" node
    "f64" [label="external builtin|f64", fillcolor="#81c169"]; // "builtin" node
    "function_body" [label="crate|function_body", fillcolor="#5397c8"]; // "crate" node
    "function_body::Dummy" [label="pub(crate) struct|function_body::Dummy", fillcolor="#f8c04c"]; // "struct" node
    "function_body::Dummy::method_body" [label="pub(crate) fn|function_body::Dummy::method_body", fillcolor="#f8c04c"]; // "fn" node
    "function_body::GenericTargetEnum" [label="pub(crate) enum|function_body::GenericTargetEnum", fillcolor="#f8c04c"]; // "enum" node
    "function_body::GenericTargetEnum::clone" [label="pub(crate) fn|function_body::GenericTargetEnum::clone", fillcolor="#f8c04c"]; // "fn" node
    "function_body::GenericTargetStruct" [label="pub(crate) struct|function_body::GenericTargetStruct", fillcolor="#f8c04c"]; // "struct" node
    "function_body::GenericTargetStruct::clone" [label="pub(crate) fn|function_body::GenericTargetStruct::clone", fillcolor="#f8c04c"]; // "fn" node
    "function_body::GenericTargetUnion" [label="pub(crate) union|function_body::GenericTargetUnion", fillcolor="#f8c04c"]; // "union" node
    "function_body::GenericTargetUnion::clone" [label="pub(crate) fn|function_body::GenericTargetUnion::clone", fillcolor="#f8c04c"]; // "fn" node
    "function_body::GenericTypeAlias" [label="pub(crate) type|function_body::GenericTypeAlias", fillcolor="#f8c04c"]; // "type" node
    "function_body::TargetEnum" [label="pub(crate) enum|function_body::TargetEnum", fillcolor="#f8c04c"]; // "enum" node
    "function_body::TargetEnum::clone" [label="pub(crate) fn|function_body::TargetEnum::clone", fillcolor="#f8c04c"]; // "fn" node
    "function_body::TargetStruct" [label="pub(crate) struct|function_body::TargetStruct", fillcolor="#f8c04c"]; // "struct" node
    "function_body::TargetStruct::clone" [label="pub(crate) fn|function_body::TargetStruct::clone", fillcolor="#f8c04c"]; // "fn" node
    "function_body::TargetTrait" [label="pub(crate) trait|function_body::TargetTrait", fillcolor="#f8c04c"]; // "trait" node
    "function_body::TargetUnion" [label="pub(crate) union|function_body::TargetUnion", fillcolor="#f8c04c"]; // "union" node
    "function_body::TargetUnion::clone" [label="pub(crate) fn|function_body::TargetUnion::clone", fillcolor="#f8c04c"]; // "fn" node
    "function_body::TypeAlias" [label="pub(crate) type|function_body::TypeAlias", fillcolor="#f8c04c"]; // "type" node
    "function_body::function" [label="pub(crate) fn|function_body::function", fillcolor="#f8c04c"]; // "fn" node
    "function_body::function_body" [label="pub(crate) fn|function_body::function_body", fillcolor="#f8c04c"]; // "fn" node
    "function_body::generic_function" [label="pub(crate) fn|function_body::generic_function", fillcolor="#f8c04c"]; // "fn" node
    "isize" [label="external builtin|isize", fillcolor="#81c169"]; // "builtin" node
    "str" [label="external builtin|str", fillcolor="#81c169"]; // "builtin" node
    "usize" [label="external builtin|usize", fillcolor="#81c169"]; // "builtin" node

    "function_body" -> "function_body::Dummy" [label="owns", color="#000000", style="solid"] [constraint=true]; // "owns" edge
    "function_body" -> "function_body::GenericTargetEnum" [label="owns", color="#000000", style="solid"] [constraint=true]; // "owns" edge
    "function_body" -> "function_body::GenericTargetStruct" [label="owns", color="#000000", style="solid"] [constraint=true]; // "owns" edge
    "function_body" -> "function_body::GenericTargetUnion" [label="owns", color="#000000", style="solid"] [constraint=true]; // "owns" edge
    "function_body" -> "function_body::GenericTypeAlias" [label="owns", color="#000000", style="solid"] [constraint=true]; // "owns" edge
    "function_body" -> "function_body::TargetEnum" [label="owns", color="#000000", style="solid"] [constraint=true]; // "owns" edge
    "function_body" -> "function_body::TargetStruct" [label="owns", color="#000000", style="solid"] [constraint=true]; // "owns" edge
    "function_body" -> "function_body::TargetTrait" [label="owns", color="#000000", style="solid"] [constraint=true]; // "owns" edge
    "function_body" -> "function_body::TargetUnion" [label="owns", color="#000000", style="solid"] [constraint=true]; // "owns" edge
    "function_body" -> "function_body::TypeAlias" [label="owns", color="#000000", style="solid"] [constraint=true]; // "owns" edge
    "function_body" -> "function_body::function" [label="owns", color="#000000", style="solid"] [constraint=true]; // "owns" edge
    "function_body" -> "function_body::function_body" [label="owns", color="#000000", style="solid"] [constraint=true]; // "owns" edge
    "function_body" -> "function_body::generic_function" [label="owns", color="#000000", style="solid"] [constraint=true]; // "owns" edge
    "function_body::Dummy" -> "function_body::Dummy::method_body" [label="owns", color="#000000", style="solid"] [constraint=true]; // "owns" edge
    "function_body::Dummy::method_body" -> "bool" [label="uses", color="#7f7f7f", style="dashed"] [constraint=false]; // "uses" edge
    "function_body::Dummy::method_body" -> "char" [label="uses", color="#7f7f7f", style="dashed"] [constraint=false]; // "uses" edge
    "function_body::Dummy::method_body" -> "f64" [label="uses", color="#7f7f7f", style="dashed"] [constraint=false]; // "uses" edge
    "function_body::Dummy::method_body" -> "function_body::GenericTargetEnum" [label="uses", color="#7f7f7f", style="dashed"] [constraint=false]; // "uses" edge
    "function_body::Dummy::method_body" -> "function_body::GenericTargetStruct" [label="uses", color="#7f7f7f", style="dashed"] [constraint=false]; // "uses" edge
    "function_body::Dummy::method_body" -> "function_body::GenericTargetUnion" [label="uses", color="#7f7f7f", style="dashed"] [constraint=false]; // "uses" edge
    "function_body::Dummy::method_body" -> "function_body::TargetEnum" [label="uses", color="#7f7f7f", style="dashed"] [constraint=false]; // "uses" edge
    "function_body::Dummy::method_body" -> "function_body::TargetStruct" [label="uses", color="#7f7f7f", style="dashed"] [constraint=false]; // "uses" edge
    "function_body::Dummy::method_body" -> "function_body::TargetUnion" [label="uses", color="#7f7f7f", style="dashed"] [constraint=false]; // "uses" edge
    "function_body::Dummy::method_body" -> "isize" [label="uses", color="#7f7f7f", style="dashed"] [constraint=false]; // "uses" edge
    "function_body::Dummy::method_body" -> "str" [label="uses", color="#7f7f7f", style="dashed"] [constraint=false]; // "uses" edge
    "function_body::Dummy::method_body" -> "usize" [label="uses", color="#7f7f7f", style="dashed"] [constraint=false]; // "uses" edge
    "function_body::GenericTargetEnum" -> "function_body::GenericTargetEnum::clone" [label="owns", color="#000000", style="solid"] [constraint=true]; // "owns" edge
    "function_body::GenericTargetEnum::clone" -> "function_body::GenericTargetEnum" [label="uses", color="#7f7f7f", style="dashed"] [constraint=false]; // "uses" edge
    "function_body::GenericTargetStruct" -> "function_body::GenericTargetStruct::clone" [label="owns", color="#000000", style="solid"] [constraint=true]; // "owns" edge
    "function_body::GenericTargetStruct::clone" -> "function_body::GenericTargetStruct" [label="uses", color="#7f7f7f", style="dashed"] [constraint=false]; // "uses" edge
    "function_body::GenericTargetUnion" -> "function_body::GenericTargetUnion::clone" [label="owns", color="#000000", style="solid"] [constraint=true]; // "owns" edge
    "function_body::GenericTargetUnion::clone" -> "function_body::GenericTargetUnion" [label="uses", color="#7f7f7f", style="dashed"] [constraint=false]; // "uses" edge
    "function_body::TargetEnum" -> "function_body::TargetEnum::clone" [label="owns", color="#000000", style="solid"] [constraint=true]; // "owns" edge
    "function_body::TargetEnum::clone" -> "function_body::TargetEnum" [label="uses", color="#7f7f7f", style="dashed"] [constraint=false]; // "uses" edge
    "function_body::TargetStruct" -> "function_body::TargetStruct::clone" [label="owns", color="#000000", style="solid"] [constraint=true]; // "owns" edge
    "function_body::TargetStruct::clone" -> "function_body::TargetStruct" [label="uses", color="#7f7f7f", style="dashed"] [constraint=false]; // "uses" edge
    "function_body::TargetUnion" -> "function_body::TargetUnion::clone" [label="owns", color="#000000", style="solid"] [constraint=true]; // "owns" edge
    "function_body::TargetUnion::clone" -> "function_body::TargetUnion" [label="uses", color="#7f7f7f", style="dashed"] [constraint=false]; // "uses" edge
    "function_body::TypeAlias" -> "function_body::TargetStruct" [label="uses", color="#7f7f7f", style="dashed"] [constraint=false]; // "uses" edge
    "function_body::function" -> "function_body::TargetStruct" [label="uses", color="#7f7f7f", style="dashed"] [constraint=false]; // "uses" edge
    "function_body::function_body" -> "bool" [label="uses", color="#7f7f7f", style="dashed"] [constraint=false]; // "uses" edge
    "function_body::function_body" -> "char" [label="uses", color="#7f7f7f", style="dashed"] [constraint=false]; // "uses" edge
    "function_body::function_body" -> "f64" [label="uses", color="#7f7f7f", style="dashed"] [constraint=false]; // "uses" edge
    "function_body::function_body" -> "function_body::GenericTargetEnum" [label="uses", color="#7f7f7f", style="dashed"] [constraint=false]; // "uses" edge
    "function_body::function_body" -> "function_body::GenericTargetStruct" [label="uses", color="#7f7f7f", style="dashed"] [constraint=false]; // "uses" edge
    "function_body::function_body" -> "function_body::GenericTargetUnion" [label="uses", color="#7f7f7f", style="dashed"] [constraint=false]; // "uses" edge
    "function_body::function_body" -> "function_body::TargetEnum" [label="uses", color="#7f7f7f", style="dashed"] [constraint=false]; // "uses" edge
    "function_body::function_body" -> "function_body::TargetStruct" [label="uses", color="#7f7f7f", style="dashed"] [constraint=false]; // "uses" edge
    "function_body::function_body" -> "function_body::TargetUnion" [label="uses", color="#7f7f7f", style="dashed"] [constraint=false]; // "uses" edge
    "function_body::function_body" -> "isize" [label="uses", color="#7f7f7f", style="dashed"] [constraint=false]; // "uses" edge
    "function_body::function_body" -> "str" [label="uses", color="#7f7f7f", style="dashed"] [constraint=false]; // "uses" edge
    "function_body::function_body" -> "usize" [label="uses", color="#7f7f7f", style="dashed"] [constraint=false]; // "uses" edge

}
