---
source: tests/dependencies.rs
expression: output
---
STDERR:

STDOUT:
digraph {

    graph [
        label="smoke",
        labelloc=t,

        pad=0.4,

        // Consider rendering the graph using a different layout algorithm, such as:
        // [dot, neato, twopi, circo, fdp, sfdp]
        layout=neato,
        overlap=false,
        splines="line",
        rankdir=LR,

        fontname="Helvetica", 
        fontsize="36",
    ];

    node [
        fontname="monospace",
        fontsize="10",
        shape="record",
        style="filled",
    ];

    edge [
        fontname="monospace",
        fontsize="10",
    ];

    "i32" [label="external builtin|i32", fillcolor="#81c169"]; // "builtin" node
    "smoke" [label="crate|smoke", fillcolor="#5397c8"]; // "crate" node
    "smoke::derives" [label="pub(crate) mod|derives", fillcolor="#f8c04c"]; // "mod" node
    "smoke::functions" [label="pub(crate) mod|functions", fillcolor="#f8c04c"]; // "mod" node
    "smoke::hierarchy" [label="pub(crate) mod|hierarchy", fillcolor="#f8c04c"]; // "mod" node
    "smoke::hierarchy::lorem" [label="pub(self) mod|hierarchy::lorem", fillcolor="#db5367"]; // "mod" node
    "smoke::hierarchy::lorem::consectetur" [label="pub(self) mod|hierarchy::lorem::consectetur", fillcolor="#db5367"]; // "mod" node
    "smoke::hierarchy::lorem::consectetur::adipiscing" [label="pub(self) mod|hierarchy::lorem::consectetur::adipiscing", fillcolor="#db5367"]; // "mod" node
    "smoke::hierarchy::lorem::consectetur::adipiscing::elit" [label="pub(self) mod|hierarchy::lorem::consectetur::adipiscing::elit", fillcolor="#db5367"]; // "mod" node
    "smoke::hierarchy::lorem::dolor" [label="pub(self) mod|hierarchy::lorem::dolor", fillcolor="#db5367"]; // "mod" node
    "smoke::hierarchy::lorem::dolor::sit" [label="pub(self) mod|hierarchy::lorem::dolor::sit", fillcolor="#db5367"]; // "mod" node
    "smoke::hierarchy::lorem::dolor::sit::amet" [label="pub(self) mod|hierarchy::lorem::dolor::sit::amet", fillcolor="#db5367"]; // "mod" node
    "smoke::hierarchy::lorem::ipsum" [label="pub(self) mod|hierarchy::lorem::ipsum", fillcolor="#db5367"]; // "mod" node
    "smoke::methods" [label="pub(crate) mod|methods", fillcolor="#f8c04c"]; // "mod" node
    "smoke::orphans" [label="pub(crate) mod|orphans", fillcolor="#f8c04c"]; // "mod" node
    "smoke::target" [label="pub(crate) mod|target", fillcolor="#f8c04c"]; // "mod" node
    "smoke::uses" [label="pub(crate) mod|uses", fillcolor="#f8c04c"]; // "mod" node
    "smoke::uses::cycle" [label="pub(self) mod|uses::cycle", fillcolor="#db5367"]; // "mod" node
    "smoke::uses::cycle::node_0" [label="pub(self) mod|uses::cycle::node_0", fillcolor="#db5367"]; // "mod" node
    "smoke::uses::cycle::node_1" [label="pub(self) mod|uses::cycle::node_1", fillcolor="#db5367"]; // "mod" node
    "smoke::uses::cycle::node_1::node_2" [label="pub(self) mod|uses::cycle::node_1::node_2", fillcolor="#db5367"]; // "mod" node
    "smoke::visibility" [label="pub(crate) mod|visibility", fillcolor="#f8c04c"]; // "mod" node
    "smoke::visibility::dummy" [label="pub(self) mod|visibility::dummy", fillcolor="#db5367"]; // "mod" node
    "smoke::visibility::dummy::enums" [label="pub(self) mod|visibility::dummy::enums", fillcolor="#db5367"]; // "mod" node
    "smoke::visibility::dummy::fns" [label="pub(self) mod|visibility::dummy::fns", fillcolor="#db5367"]; // "mod" node
    "smoke::visibility::dummy::kinds" [label="pub(self) mod|visibility::dummy::kinds", fillcolor="#db5367"]; // "mod" node
    "smoke::visibility::dummy::kinds::Module" [label="pub(self) mod|visibility::dummy::kinds::Module", fillcolor="#db5367"]; // "mod" node
    "smoke::visibility::dummy::mods" [label="pub(self) mod|visibility::dummy::mods", fillcolor="#db5367"]; // "mod" node
    "smoke::visibility::dummy::mods::pub_crate" [label="pub(crate) mod|visibility::dummy::mods::pub_crate", fillcolor="#f8c04c"]; // "mod" node
    "smoke::visibility::dummy::mods::pub_module" [label="pub(in crate::visibility) mod|visibility::dummy::mods::pub_module", fillcolor="#fe9454"]; // "mod" node
    "smoke::visibility::dummy::mods::pub_private" [label="pub(self) mod|visibility::dummy::mods::pub_private", fillcolor="#db5367"]; // "mod" node
    "smoke::visibility::dummy::mods::pub_public" [label="pub mod|visibility::dummy::mods::pub_public", fillcolor="#81c169"]; // "mod" node
    "smoke::visibility::dummy::mods::pub_super" [label="pub(super) mod|visibility::dummy::mods::pub_super", fillcolor="#fe9454"]; // "mod" node
    "smoke::visibility::dummy::structs" [label="pub(self) mod|visibility::dummy::structs", fillcolor="#db5367"]; // "mod" node
    "smoke::visibility::dummy::traits" [label="pub(self) mod|visibility::dummy::traits", fillcolor="#db5367"]; // "mod" node
    "smoke::visibility::dummy::traits::r#unsafe" [label="pub(self) mod|visibility::dummy::traits::r#unsafe", fillcolor="#db5367"]; // "mod" node
    "smoke::visibility::dummy::traits::safe" [label="pub(self) mod|visibility::dummy::traits::safe", fillcolor="#db5367"]; // "mod" node
    "smoke::visibility::dummy::unions" [label="pub(self) mod|visibility::dummy::unions", fillcolor="#db5367"]; // "mod" node
    "str" [label="external builtin|str", fillcolor="#81c169"]; // "builtin" node

    "smoke" -> "smoke::derives" [label="owns", color="#000000", style="solid"] [constraint=true]; // "owns" edge
    "smoke" -> "smoke::functions" [label="owns", color="#000000", style="solid"] [constraint=true]; // "owns" edge
    "smoke" -> "smoke::hierarchy" [label="owns", color="#000000", style="solid"] [constraint=true]; // "owns" edge
    "smoke" -> "smoke::methods" [label="owns", color="#000000", style="solid"] [constraint=true]; // "owns" edge
    "smoke" -> "smoke::orphans" [label="owns", color="#000000", style="solid"] [constraint=true]; // "owns" edge
    "smoke" -> "smoke::target" [label="owns", color="#000000", style="solid"] [constraint=true]; // "owns" edge
    "smoke" -> "smoke::uses" [label="owns", color="#000000", style="solid"] [constraint=true]; // "owns" edge
    "smoke" -> "smoke::visibility" [label="owns", color="#000000", style="solid"] [constraint=true]; // "owns" edge
    "smoke::functions" -> "i32" [label="uses", color="#7f7f7f", style="dashed"] [constraint=false]; // "uses" edge
    "smoke::functions" -> "smoke::target" [label="uses", color="#7f7f7f", style="dashed"] [constraint=false]; // "uses" edge
    "smoke::functions" -> "str" [label="uses", color="#7f7f7f", style="dashed"] [constraint=false]; // "uses" edge
    "smoke::hierarchy" -> "smoke::hierarchy::lorem" [label="owns", color="#000000", style="solid"] [constraint=true]; // "owns" edge
    "smoke::hierarchy::lorem" -> "smoke::hierarchy::lorem::consectetur" [label="owns", color="#000000", style="solid"] [constraint=true]; // "owns" edge
    "smoke::hierarchy::lorem" -> "smoke::hierarchy::lorem::dolor" [label="owns", color="#000000", style="solid"] [constraint=true]; // "owns" edge
    "smoke::hierarchy::lorem" -> "smoke::hierarchy::lorem::ipsum" [label="owns", color="#000000", style="solid"] [constraint=true]; // "owns" edge
    "smoke::hierarchy::lorem::consectetur" -> "smoke::hierarchy::lorem::consectetur::adipiscing" [label="owns", color="#000000", style="solid"] [constraint=true]; // "owns" edge
    "smoke::hierarchy::lorem::consectetur::adipiscing" -> "smoke::hierarchy::lorem::consectetur::adipiscing::elit" [label="owns", color="#000000", style="solid"] [constraint=true]; // "owns" edge
    "smoke::hierarchy::lorem::dolor" -> "smoke::hierarchy::lorem::dolor::sit" [label="owns", color="#000000", style="solid"] [constraint=true]; // "owns" edge
    "smoke::hierarchy::lorem::dolor::sit" -> "smoke::hierarchy::lorem::dolor::sit::amet" [label="owns", color="#000000", style="solid"] [constraint=true]; // "owns" edge
    "smoke::methods" -> "i32" [label="uses", color="#7f7f7f", style="dashed"] [constraint=false]; // "uses" edge
    "smoke::methods" -> "smoke::target" [label="uses", color="#7f7f7f", style="dashed"] [constraint=false]; // "uses" edge
    "smoke::methods" -> "str" [label="uses", color="#7f7f7f", style="dashed"] [constraint=false]; // "uses" edge
    "smoke::uses" -> "smoke::hierarchy" [label="uses", color="#7f7f7f", style="dashed"] [constraint=false]; // "uses" edge
    "smoke::uses" -> "smoke::uses::cycle" [label="owns", color="#000000", style="solid"] [constraint=true]; // "owns" edge
    "smoke::uses::cycle" -> "smoke::uses::cycle::node_0" [label="owns", color="#000000", style="solid"] [constraint=true]; // "owns" edge
    "smoke::uses::cycle" -> "smoke::uses::cycle::node_1" [label="owns", color="#000000", style="solid"] [constraint=true]; // "owns" edge
    "smoke::uses::cycle::node_0" -> "smoke::uses::cycle::node_1" [label="uses", color="#7f7f7f", style="dashed"] [constraint=false]; // "uses" edge
    "smoke::uses::cycle::node_1" -> "smoke::uses::cycle::node_1::node_2" [label="owns", color="#000000", style="solid"] [constraint=true]; // "owns" edge
    "smoke::uses::cycle::node_1::node_2" -> "smoke::uses::cycle::node_0" [label="uses", color="#7f7f7f", style="dashed"] [constraint=false]; // "uses" edge
    "smoke::visibility" -> "smoke::visibility::dummy" [label="owns", color="#000000", style="solid"] [constraint=true]; // "owns" edge
    "smoke::visibility::dummy" -> "smoke::visibility::dummy::enums" [label="owns", color="#000000", style="solid"] [constraint=true]; // "owns" edge
    "smoke::visibility::dummy" -> "smoke::visibility::dummy::fns" [label="owns", color="#000000", style="solid"] [constraint=true]; // "owns" edge
    "smoke::visibility::dummy" -> "smoke::visibility::dummy::kinds" [label="owns", color="#000000", style="solid"] [constraint=true]; // "owns" edge
    "smoke::visibility::dummy" -> "smoke::visibility::dummy::mods" [label="owns", color="#000000", style="solid"] [constraint=true]; // "owns" edge
    "smoke::visibility::dummy" -> "smoke::visibility::dummy::structs" [label="owns", color="#000000", style="solid"] [constraint=true]; // "owns" edge
    "smoke::visibility::dummy" -> "smoke::visibility::dummy::traits" [label="owns", color="#000000", style="solid"] [constraint=true]; // "owns" edge
    "smoke::visibility::dummy" -> "smoke::visibility::dummy::unions" [label="owns", color="#000000", style="solid"] [constraint=true]; // "owns" edge
    "smoke::visibility::dummy::kinds" -> "smoke::visibility::dummy::kinds::Module" [label="owns", color="#000000", style="solid"] [constraint=true]; // "owns" edge
    "smoke::visibility::dummy::mods" -> "smoke::visibility::dummy::mods::pub_crate" [label="owns", color="#000000", style="solid"] [constraint=true]; // "owns" edge
    "smoke::visibility::dummy::mods" -> "smoke::visibility::dummy::mods::pub_module" [label="owns", color="#000000", style="solid"] [constraint=true]; // "owns" edge
    "smoke::visibility::dummy::mods" -> "smoke::visibility::dummy::mods::pub_private" [label="owns", color="#000000", style="solid"] [constraint=true]; // "owns" edge
    "smoke::visibility::dummy::mods" -> "smoke::visibility::dummy::mods::pub_public" [label="owns", color="#000000", style="solid"] [constraint=true]; // "owns" edge
    "smoke::visibility::dummy::mods" -> "smoke::visibility::dummy::mods::pub_super" [label="owns", color="#000000", style="solid"] [constraint=true]; // "owns" edge
    "smoke::visibility::dummy::traits" -> "smoke::visibility::dummy::traits::r#unsafe" [label="owns", color="#000000", style="solid"] [constraint=true]; // "owns" edge
    "smoke::visibility::dummy::traits" -> "smoke::visibility::dummy::traits::safe" [label="owns", color="#000000", style="solid"] [constraint=true]; // "owns" edge

}

