---
source: tests/dependencies.rs
expression: output
---
STDERR:

STDOUT:
digraph {

    graph [
        label="smoke",
        labelloc=t,

        pad=0.4,

        // Consider rendering the graph using a different layout algorithm, such as:
        // [dot, neato, twopi, circo, fdp, sfdp]
        layout=neato,
        overlap=false,
        splines="line",
        rankdir=LR,

        fontname="Helvetica", 
        fontsize="36",
    ];

    node [
        fontname="monospace",
        fontsize="10",
        shape="record",
        style="filled",
    ];

    edge [
        fontname="monospace",
        fontsize="10",
    ];

    "alloc::fmt" [label="external mod|alloc::fmt", fillcolor="#81c169"]; // "mod" node
    "alloc::string::String" [label="external struct|alloc::string::String", fillcolor="#81c169"]; // "struct" node
    "bool" [label="external builtin|bool", fillcolor="#81c169"]; // "builtin" node
    "core::cmp" [label="external mod|core::cmp", fillcolor="#81c169"]; // "mod" node
    "core::future::future::Future" [label="external trait|core::future::future::Future", fillcolor="#81c169"]; // "trait" node
    "core::marker::Sized" [label="external trait|core::marker::Sized", fillcolor="#81c169"]; // "trait" node
    "core::ops" [label="external mod|core::ops", fillcolor="#81c169"]; // "mod" node
    "i32" [label="external builtin|i32", fillcolor="#81c169"]; // "builtin" node
    "smoke" [label="crate|smoke", fillcolor="#5397c8"]; // "crate" node
    "smoke::derives" [label="pub(crate) mod|smoke::derives", fillcolor="#f8c04c"]; // "mod" node
    "smoke::derives::Dummy" [label="pub(self) struct|smoke::derives::Dummy", fillcolor="#db5367"]; // "struct" node
    "smoke::functions" [label="pub(crate) mod|smoke::functions", fillcolor="#f8c04c"]; // "mod" node
    "smoke::functions::Core" [label="pub(self) type|smoke::functions::Core", fillcolor="#db5367"]; // "type" node
    "smoke::functions::Crate" [label="pub(self) type|smoke::functions::Crate", fillcolor="#db5367"]; // "type" node
    "smoke::functions::Local" [label="pub(self) struct|smoke::functions::Local", fillcolor="#db5367"]; // "struct" node
    "smoke::functions::Std" [label="pub(self) type|smoke::functions::Std", fillcolor="#db5367"]; // "type" node
    "smoke::functions::body" [label="pub(self) fn|smoke::functions::body", fillcolor="#db5367"]; // "fn" node
    "smoke::functions::inputs" [label="pub(self) fn|smoke::functions::inputs", fillcolor="#db5367"]; // "fn" node
    "smoke::functions::outputs" [label="pub(self) fn|smoke::functions::outputs", fillcolor="#db5367"]; // "fn" node
    "smoke::hierarchy" [label="pub(crate) mod|smoke::hierarchy", fillcolor="#f8c04c"]; // "mod" node
    "smoke::hierarchy::lorem" [label="pub(self) mod|smoke::hierarchy::lorem", fillcolor="#db5367"]; // "mod" node
    "smoke::methods" [label="pub(crate) mod|smoke::methods", fillcolor="#f8c04c"]; // "mod" node
    "smoke::methods::Core" [label="pub(self) type|smoke::methods::Core", fillcolor="#db5367"]; // "type" node
    "smoke::methods::Crate" [label="pub(self) type|smoke::methods::Crate", fillcolor="#db5367"]; // "type" node
    "smoke::methods::Dummy" [label="pub(self) struct|smoke::methods::Dummy", fillcolor="#db5367"]; // "struct" node
    "smoke::methods::Local" [label="pub(self) struct|smoke::methods::Local", fillcolor="#db5367"]; // "struct" node
    "smoke::methods::Std" [label="pub(self) type|smoke::methods::Std", fillcolor="#db5367"]; // "type" node
    "smoke::target" [label="pub(crate) mod|smoke::target", fillcolor="#f8c04c"]; // "mod" node
    "smoke::target::Target" [label="pub struct|smoke::target::Target", fillcolor="#81c169"]; // "struct" node
    "smoke::uses" [label="pub(crate) mod|smoke::uses", fillcolor="#f8c04c"]; // "mod" node
    "smoke::uses::cycle" [label="pub(self) mod|smoke::uses::cycle", fillcolor="#db5367"]; // "mod" node
    "smoke::visibility" [label="pub(crate) mod|smoke::visibility", fillcolor="#f8c04c"]; // "mod" node
    "smoke::visibility::dummy" [label="pub(self) mod|smoke::visibility::dummy", fillcolor="#db5367"]; // "mod" node
    "str" [label="external builtin|str", fillcolor="#81c169"]; // "builtin" node

    "smoke" -> "smoke::derives" [label="owns", color="#000000", style="solid"] [constraint=true]; // "owns" edge
    "smoke" -> "smoke::functions" [label="owns", color="#000000", style="solid"] [constraint=true]; // "owns" edge
    "smoke" -> "smoke::hierarchy" [label="owns", color="#000000", style="solid"] [constraint=true]; // "owns" edge
    "smoke" -> "smoke::methods" [label="owns", color="#000000", style="solid"] [constraint=true]; // "owns" edge
    "smoke" -> "smoke::target" [label="owns", color="#000000", style="solid"] [constraint=true]; // "owns" edge
    "smoke" -> "smoke::uses" [label="owns", color="#000000", style="solid"] [constraint=true]; // "owns" edge
    "smoke" -> "smoke::visibility" [label="owns", color="#000000", style="solid"] [constraint=true]; // "owns" edge
    "smoke::derives" -> "smoke::derives::Dummy" [label="owns", color="#000000", style="solid"] [constraint=true]; // "owns" edge
    "smoke::derives::Dummy" -> "bool" [label="uses", color="#7f7f7f", style="dashed"] [constraint=false]; // "uses" edge
    "smoke::functions" -> "smoke::functions::Core" [label="owns", color="#000000", style="solid"] [constraint=true]; // "owns" edge
    "smoke::functions" -> "smoke::functions::Crate" [label="owns", color="#000000", style="solid"] [constraint=true]; // "owns" edge
    "smoke::functions" -> "smoke::functions::Local" [label="owns", color="#000000", style="solid"] [constraint=true]; // "owns" edge
    "smoke::functions" -> "smoke::functions::Std" [label="owns", color="#000000", style="solid"] [constraint=true]; // "owns" edge
    "smoke::functions" -> "smoke::functions::body" [label="owns", color="#000000", style="solid"] [constraint=true]; // "owns" edge
    "smoke::functions" -> "smoke::functions::inputs" [label="owns", color="#000000", style="solid"] [constraint=true]; // "owns" edge
    "smoke::functions" -> "smoke::functions::outputs" [label="owns", color="#000000", style="solid"] [constraint=true]; // "owns" edge
    "smoke::functions::Crate" -> "smoke::target::Target" [label="uses", color="#7f7f7f", style="dashed"] [constraint=false]; // "uses" edge
    "smoke::functions::Std" -> "alloc::string::String" [label="uses", color="#7f7f7f", style="dashed"] [constraint=false]; // "uses" edge
    "smoke::functions::body" -> "alloc::string::String" [label="uses", color="#7f7f7f", style="dashed"] [constraint=false]; // "uses" edge
    "smoke::functions::body" -> "i32" [label="uses", color="#7f7f7f", style="dashed"] [constraint=false]; // "uses" edge
    "smoke::functions::body" -> "smoke::functions::Local" [label="uses", color="#7f7f7f", style="dashed"] [constraint=false]; // "uses" edge
    "smoke::functions::body" -> "smoke::target::Target" [label="uses", color="#7f7f7f", style="dashed"] [constraint=false]; // "uses" edge
    "smoke::functions::body" -> "str" [label="uses", color="#7f7f7f", style="dashed"] [constraint=false]; // "uses" edge
    "smoke::functions::inputs" -> "alloc::string::String" [label="uses", color="#7f7f7f", style="dashed"] [constraint=false]; // "uses" edge
    "smoke::functions::inputs" -> "i32" [label="uses", color="#7f7f7f", style="dashed"] [constraint=false]; // "uses" edge
    "smoke::functions::inputs" -> "smoke::functions::Local" [label="uses", color="#7f7f7f", style="dashed"] [constraint=false]; // "uses" edge
    "smoke::functions::inputs" -> "smoke::target::Target" [label="uses", color="#7f7f7f", style="dashed"] [constraint=false]; // "uses" edge
    "smoke::functions::inputs" -> "str" [label="uses", color="#7f7f7f", style="dashed"] [constraint=false]; // "uses" edge
    "smoke::functions::outputs" -> "alloc::string::String" [label="uses", color="#7f7f7f", style="dashed"] [constraint=false]; // "uses" edge
    "smoke::functions::outputs" -> "i32" [label="uses", color="#7f7f7f", style="dashed"] [constraint=false]; // "uses" edge
    "smoke::functions::outputs" -> "smoke::functions::Local" [label="uses", color="#7f7f7f", style="dashed"] [constraint=false]; // "uses" edge
    "smoke::functions::outputs" -> "smoke::target::Target" [label="uses", color="#7f7f7f", style="dashed"] [constraint=false]; // "uses" edge
    "smoke::functions::outputs" -> "str" [label="uses", color="#7f7f7f", style="dashed"] [constraint=false]; // "uses" edge
    "smoke::hierarchy" -> "smoke::hierarchy::lorem" [label="owns", color="#000000", style="solid"] [constraint=true]; // "owns" edge
    "smoke::methods" -> "smoke::methods::Core" [label="owns", color="#000000", style="solid"] [constraint=true]; // "owns" edge
    "smoke::methods" -> "smoke::methods::Crate" [label="owns", color="#000000", style="solid"] [constraint=true]; // "owns" edge
    "smoke::methods" -> "smoke::methods::Dummy" [label="owns", color="#000000", style="solid"] [constraint=true]; // "owns" edge
    "smoke::methods" -> "smoke::methods::Local" [label="owns", color="#000000", style="solid"] [constraint=true]; // "owns" edge
    "smoke::methods" -> "smoke::methods::Std" [label="owns", color="#000000", style="solid"] [constraint=true]; // "owns" edge
    "smoke::methods::Crate" -> "smoke::target::Target" [label="uses", color="#7f7f7f", style="dashed"] [constraint=false]; // "uses" edge
    "smoke::methods::Dummy" -> "alloc::string::String" [label="uses", color="#7f7f7f", style="dashed"] [constraint=false]; // "uses" edge
    "smoke::methods::Dummy" -> "i32" [label="uses", color="#7f7f7f", style="dashed"] [constraint=false]; // "uses" edge
    "smoke::methods::Dummy" -> "smoke::methods::Local" [label="uses", color="#7f7f7f", style="dashed"] [constraint=false]; // "uses" edge
    "smoke::methods::Dummy" -> "smoke::target::Target" [label="uses", color="#7f7f7f", style="dashed"] [constraint=false]; // "uses" edge
    "smoke::methods::Dummy" -> "str" [label="uses", color="#7f7f7f", style="dashed"] [constraint=false]; // "uses" edge
    "smoke::methods::Std" -> "alloc::string::String" [label="uses", color="#7f7f7f", style="dashed"] [constraint=false]; // "uses" edge
    "smoke::target" -> "smoke::target::Target" [label="owns", color="#000000", style="solid"] [constraint=true]; // "owns" edge
    "smoke::uses" -> "alloc::fmt" [label="uses", color="#7f7f7f", style="dashed"] [constraint=false]; // "uses" edge
    "smoke::uses" -> "core::cmp" [label="uses", color="#7f7f7f", style="dashed"] [constraint=false]; // "uses" edge
    "smoke::uses" -> "core::ops" [label="uses", color="#7f7f7f", style="dashed"] [constraint=false]; // "uses" edge
    "smoke::uses" -> "smoke::hierarchy" [label="uses", color="#7f7f7f", style="dashed"] [constraint=false]; // "uses" edge
    "smoke::uses" -> "smoke::uses::cycle" [label="owns", color="#000000", style="solid"] [constraint=true]; // "owns" edge
    "smoke::visibility" -> "smoke::visibility::dummy" [label="owns", color="#000000", style="solid"] [constraint=true]; // "owns" edge
    "smoke::visibility::dummy" -> "core::future::future::Future" [label="uses", color="#7f7f7f", style="dashed"] [constraint=false]; // "uses" edge
    "smoke::visibility::dummy" -> "core::marker::Sized" [label="uses", color="#7f7f7f", style="dashed"] [constraint=false]; // "uses" edge

}

