---
source: tests/generate_graph.rs
expression: output
---
STDERR:

STDOUT:
digraph {

    graph [
        label="tuple_fields",
        labelloc=t,

        pad=0.4,

        // Consider rendering the graph using a different layout algorithm, such as:
        // [dot, neato, twopi, circo, fdp, sfdp]
        layout=neato,
        overlap=false,
        splines="line",
        rankdir=LR,

        fontname="Helvetica", 
        fontsize="36",
    ];

    node [
        fontname="monospace",
        fontsize="10",
        shape="record",
        style="filled",
    ];

    edge [
        fontname="monospace",
        fontsize="10",
    ];

    "tuple_fields" [label="crate|tuple_fields", fillcolor="#5397c8"]; // "crate" node
    "tuple_fields::DynTrait" [label="pub(crate) trait|tuple_fields::DynTrait", fillcolor="#f8c04c"]; // "trait" node
    "tuple_fields::GenericTargetEnum" [label="pub(crate) enum|tuple_fields::GenericTargetEnum", fillcolor="#f8c04c"]; // "enum" node
    "tuple_fields::GenericTargetStruct" [label="pub(crate) struct|tuple_fields::GenericTargetStruct", fillcolor="#f8c04c"]; // "struct" node
    "tuple_fields::GenericTargetUnion" [label="pub(crate) union|tuple_fields::GenericTargetUnion", fillcolor="#f8c04c"]; // "union" node
    "tuple_fields::GenericTypeAlias" [label="pub(crate) type|tuple_fields::GenericTypeAlias", fillcolor="#f8c04c"]; // "type" node
    "tuple_fields::TargetEnum" [label="pub(crate) enum|tuple_fields::TargetEnum", fillcolor="#f8c04c"]; // "enum" node
    "tuple_fields::TargetStruct" [label="pub(crate) struct|tuple_fields::TargetStruct", fillcolor="#f8c04c"]; // "struct" node
    "tuple_fields::TargetTrait" [label="pub(crate) trait|tuple_fields::TargetTrait", fillcolor="#f8c04c"]; // "trait" node
    "tuple_fields::TargetUnion" [label="pub(crate) union|tuple_fields::TargetUnion", fillcolor="#f8c04c"]; // "union" node
    "tuple_fields::TargetUnion::clone" [label="pub(crate) fn|tuple_fields::TargetUnion::clone", fillcolor="#f8c04c"]; // "fn" node
    "tuple_fields::Tuple" [label="pub(crate) type|tuple_fields::Tuple", fillcolor="#f8c04c"]; // "type" node
    "tuple_fields::TypeAlias" [label="pub(crate) type|tuple_fields::TypeAlias", fillcolor="#f8c04c"]; // "type" node

    "tuple_fields" -> "tuple_fields::DynTrait" [label="owns", color="#000000", style="solid"] [constraint=true]; // "owns" edge
    "tuple_fields" -> "tuple_fields::GenericTargetEnum" [label="owns", color="#000000", style="solid"] [constraint=true]; // "owns" edge
    "tuple_fields" -> "tuple_fields::GenericTargetStruct" [label="owns", color="#000000", style="solid"] [constraint=true]; // "owns" edge
    "tuple_fields" -> "tuple_fields::GenericTargetUnion" [label="owns", color="#000000", style="solid"] [constraint=true]; // "owns" edge
    "tuple_fields" -> "tuple_fields::GenericTypeAlias" [label="owns", color="#000000", style="solid"] [constraint=true]; // "owns" edge
    "tuple_fields" -> "tuple_fields::TargetEnum" [label="owns", color="#000000", style="solid"] [constraint=true]; // "owns" edge
    "tuple_fields" -> "tuple_fields::TargetStruct" [label="owns", color="#000000", style="solid"] [constraint=true]; // "owns" edge
    "tuple_fields" -> "tuple_fields::TargetTrait" [label="owns", color="#000000", style="solid"] [constraint=true]; // "owns" edge
    "tuple_fields" -> "tuple_fields::TargetUnion" [label="owns", color="#000000", style="solid"] [constraint=true]; // "owns" edge
    "tuple_fields" -> "tuple_fields::Tuple" [label="owns", color="#000000", style="solid"] [constraint=true]; // "owns" edge
    "tuple_fields" -> "tuple_fields::TypeAlias" [label="owns", color="#000000", style="solid"] [constraint=true]; // "owns" edge
    "tuple_fields::GenericTargetEnum" -> "tuple_fields::TargetUnion::clone" [label="owns", color="#000000", style="solid"] [constraint=true]; // "owns" edge
    "tuple_fields::GenericTargetStruct" -> "tuple_fields::TargetUnion::clone" [label="owns", color="#000000", style="solid"] [constraint=true]; // "owns" edge
    "tuple_fields::GenericTargetUnion" -> "tuple_fields::TargetUnion::clone" [label="owns", color="#000000", style="solid"] [constraint=true]; // "owns" edge
    "tuple_fields::TargetEnum" -> "tuple_fields::TargetUnion::clone" [label="owns", color="#000000", style="solid"] [constraint=true]; // "owns" edge
    "tuple_fields::TargetStruct" -> "tuple_fields::TargetUnion::clone" [label="owns", color="#000000", style="solid"] [constraint=true]; // "owns" edge
    "tuple_fields::TargetUnion" -> "tuple_fields::TargetStruct" [label="uses", color="#7f7f7f", style="dashed"] [constraint=false]; // "uses" edge
    "tuple_fields::TargetUnion" -> "tuple_fields::TargetUnion::clone" [label="owns", color="#000000", style="solid"] [constraint=true]; // "owns" edge
    "tuple_fields::TargetUnion::clone" -> "tuple_fields::GenericTargetEnum" [label="uses", color="#7f7f7f", style="dashed"] [constraint=false]; // "uses" edge
    "tuple_fields::TargetUnion::clone" -> "tuple_fields::GenericTargetStruct" [label="uses", color="#7f7f7f", style="dashed"] [constraint=false]; // "uses" edge
    "tuple_fields::TargetUnion::clone" -> "tuple_fields::GenericTargetUnion" [label="uses", color="#7f7f7f", style="dashed"] [constraint=false]; // "uses" edge
    "tuple_fields::TargetUnion::clone" -> "tuple_fields::TargetEnum" [label="uses", color="#7f7f7f", style="dashed"] [constraint=false]; // "uses" edge
    "tuple_fields::TargetUnion::clone" -> "tuple_fields::TargetStruct" [label="uses", color="#7f7f7f", style="dashed"] [constraint=false]; // "uses" edge
    "tuple_fields::TargetUnion::clone" -> "tuple_fields::TargetUnion" [label="uses", color="#7f7f7f", style="dashed"] [constraint=false]; // "uses" edge
    "tuple_fields::Tuple" -> "tuple_fields::DynTrait" [label="uses", color="#7f7f7f", style="dashed"] [constraint=false]; // "uses" edge
    "tuple_fields::Tuple" -> "tuple_fields::GenericTargetEnum" [label="uses", color="#7f7f7f", style="dashed"] [constraint=false]; // "uses" edge
    "tuple_fields::Tuple" -> "tuple_fields::GenericTargetStruct" [label="uses", color="#7f7f7f", style="dashed"] [constraint=false]; // "uses" edge
    "tuple_fields::Tuple" -> "tuple_fields::GenericTargetUnion" [label="uses", color="#7f7f7f", style="dashed"] [constraint=false]; // "uses" edge
    "tuple_fields::Tuple" -> "tuple_fields::TargetEnum" [label="uses", color="#7f7f7f", style="dashed"] [constraint=false]; // "uses" edge
    "tuple_fields::Tuple" -> "tuple_fields::TargetStruct" [label="uses", color="#7f7f7f", style="dashed"] [constraint=false]; // "uses" edge
    "tuple_fields::Tuple" -> "tuple_fields::TargetUnion" [label="uses", color="#7f7f7f", style="dashed"] [constraint=false]; // "uses" edge
    "tuple_fields::TypeAlias" -> "tuple_fields::TargetStruct" [label="uses", color="#7f7f7f", style="dashed"] [constraint=false]; // "uses" edge

}

