---
source: tests/generate_tree.rs
expression: output
---
STDERR:

STDOUT:

crate smoke
├── mod derives: pub(crate)
│   └── struct Dummy: pub(self)
├── mod functions: pub(crate)
│   ├── type Core: pub(self)
│   ├── type Crate: pub(self)
│   ├── struct Local: pub(self)
│   └── type Std: pub(self)
├── mod hierarchy: pub(crate)
│   └── mod lorem: pub(self)
│       ├── struct Lorem: pub(self)
│       ├── mod consectetur: pub(self)
│       │   ├── struct Consectetur: pub(self)
│       │   └── mod adipiscing: pub(self)
│       │       ├── struct Adipiscing: pub(self)
│       │       └── mod elit: pub(self)
│       │           └── struct Elit: pub(self)
│       ├── mod dolor: pub(self)
│       │   ├── struct Dolor: pub(self)
│       │   └── mod sit: pub(self)
│       │       ├── struct Sit: pub(self)
│       │       └── mod amet: pub(self)
│       │           └── struct Amet: pub(self)
│       └── mod ipsum: pub(self)
│           └── struct Ipsum: pub(self)
├── mod methods: pub(crate)
│   ├── type Core: pub(self)
│   ├── type Crate: pub(self)
│   ├── struct Dummy: pub(self)
│   ├── struct Local: pub(self)
│   └── type Std: pub(self)
├── mod orphans: pub(crate)
├── mod target: pub(crate)
│   └── struct Target: pub
├── mod uses: pub(crate)
│   └── mod cycle: pub(self)
│       ├── mod node_0: pub(self)
│       └── mod node_1: pub(self)
│           └── mod node_2: pub(self)
└── mod visibility: pub(crate)
    └── mod dummy: pub(self)
        ├── mod enums: pub(self)
        │   ├── enum PubCrate: pub(crate)
        │   ├── enum PubModule: pub(in crate::visibility)
        │   ├── enum PubPrivate: pub(self)
        │   ├── enum PubPublic: pub
        │   └── enum PubSuper: pub(super)
        ├── mod fns: pub(self)
        ├── mod kinds: pub(self)
        │   ├── enum Enum: pub(self)
        │   ├── mod Module: pub(self)
        │   ├── struct Struct: pub(self)
        │   ├── type TraitAlias: pub(self)
        │   ├── type TypeAlias: pub(self)
        │   └── union Union: pub(self)
        ├── mod mods: pub(self)
        │   ├── mod pub_crate: pub(crate)
        │   ├── mod pub_module: pub(in crate::visibility)
        │   ├── mod pub_private: pub(self)
        │   ├── mod pub_public: pub
        │   └── mod pub_super: pub(super)
        ├── mod structs: pub(self)
        │   ├── struct PubCrate: pub(crate)
        │   ├── struct PubModule: pub(in crate::visibility)
        │   ├── struct PubPrivate: pub(self)
        │   ├── struct PubPublic: pub
        │   └── struct PubSuper: pub(super)
        ├── mod traits: pub(self)
        │   ├── mod r#unsafe: pub(self)
        │   └── mod safe: pub(self)
        └── mod unions: pub(self)
            ├── union PubCrate: pub(crate)
            ├── union PubModule: pub(in crate::visibility)
            ├── union PubPrivate: pub(self)
            ├── union PubPublic: pub
            └── union PubSuper: pub(super)

