---
source: tests/general.rs
expression: output
snapshot_kind: text
---
COMMAND:
--help

STDERR:

STDOUT:
Visualize/analyze a crate's internal structure.

Usage: cargo-modules <COMMAND>

Commands:
  structure     Prints a crate's hierarchical structure as a tree.
  dependencies  Prints a crate's internal dependencies as a graph.
  orphans       Detects unlinked source files within a crate's directory.
  help          Print this message or the help of the given subcommand(s)

Options:
  -h, --help     Print help
  -V, --version  Print version