---
source: tests/generate_tree.rs
expression: output
---
STDERR:

STDOUT:

crate smoke
└── mod visibility: pub(crate)
    └── mod dummy: pub(self)
        ├── mod enums: pub(self)
        ├── mod fns: pub(self)
        ├── mod mods: pub(self)
        │   ├── mod pub_crate: pub(crate)
        │   ├── mod pub_module: pub(in crate::visibility)
        │   ├── mod pub_private: pub(self)
        │   ├── mod pub_public: pub
        │   └── mod pub_super: pub(super)
        ├── mod structs: pub(self)
        └── mod unions: pub(self)

