---
source: tests/generate_tree.rs
expression: output

---
STDERR:

STDOUT:

[2m[0m[38;5;68mcrate[0m smoke
[2m├── [0m[38;5;68mmod[0m hierarchy[2m:[0m [38;5;215mpub(crate)[0m
[2m│   └── [0m[38;5;68mmod[0m lorem[2m:[0m [38;5;167mpub(self)[0m
[2m│       ├── [0m[38;5;68mmod[0m consectetur[2m:[0m [38;5;167mpub(self)[0m
[2m│       │   └── [0m[38;5;68mmod[0m adipiscing[2m:[0m [38;5;167mpub(self)[0m
[2m│       │       └── [0m[38;5;68mmod[0m elit[2m:[0m [38;5;167mpub(self)[0m
[2m│       ├── [0m[38;5;68mmod[0m dolor[2m:[0m [38;5;167mpub(self)[0m
[2m│       │   └── [0m[38;5;68mmod[0m sit[2m:[0m [38;5;167mpub(self)[0m
[2m│       │       └── [0m[38;5;68mmod[0m amet[2m:[0m [38;5;167mpub(self)[0m
[2m│       └── [0m[38;5;68mmod[0m ipsum[2m:[0m [38;5;167mpub(self)[0m
[2m├── [0m[38;5;68mmod[0m orphans[2m:[0m [38;5;215mpub(crate)[0m
[2m├── [0m[38;5;68mmod[0m uses[2m:[0m [38;5;215mpub(crate)[0m
[2m│   └── [0m[38;5;68mmod[0m cycle[2m:[0m [38;5;167mpub(self)[0m
[2m│       ├── [0m[38;5;68mmod[0m node_0[2m:[0m [38;5;167mpub(self)[0m
[2m│       └── [0m[38;5;68mmod[0m node_1[2m:[0m [38;5;167mpub(self)[0m
[2m│           └── [0m[38;5;68mmod[0m node_2[2m:[0m [38;5;167mpub(self)[0m
[2m└── [0m[38;5;68mmod[0m visibility[2m:[0m [38;5;215mpub(crate)[0m
[2m    └── [0m[38;5;68mmod[0m dummy[2m:[0m [38;5;167mpub(self)[0m
[2m        ├── [0m[38;5;68mmod[0m enums[2m:[0m [38;5;167mpub(self)[0m
[2m        ├── [0m[38;5;68mmod[0m fns[2m:[0m [38;5;167mpub(self)[0m
[2m        ├── [0m[38;5;68mmod[0m mods[2m:[0m [38;5;167mpub(self)[0m
[2m        │   ├── [0m[38;5;68mmod[0m pub_crate[2m:[0m [38;5;215mpub(crate)[0m
[2m        │   ├── [0m[38;5;68mmod[0m pub_module[2m:[0m [38;5;209mpub(in crate::visibility)[0m
[2m        │   ├── [0m[38;5;68mmod[0m pub_private[2m:[0m [38;5;167mpub(self)[0m
[2m        │   ├── [0m[38;5;68mmod[0m pub_public[2m:[0m [38;5;107mpub[0m
[2m        │   └── [0m[38;5;68mmod[0m pub_super[2m:[0m [38;5;209mpub(super)[0m
[2m        ├── [0m[38;5;68mmod[0m structs[2m:[0m [38;5;167mpub(self)[0m
[2m        └── [0m[38;5;68mmod[0m unions[2m:[0m [38;5;167mpub(self)[0m

