---
source: tests/orphans.rs
expression: output
---
STDERR:
Error: Found 2 orphans in crate 'orphans'

STDOUT:

2 orphans found:

[1;38;5;209mwarning[0m: orphaned module `bar` at src/orphans/bar.rs
  [1;38;5;68m-->[0m src/orphans.rs
   [1;38;5;68m|[0m  [1;38;5;167m^^^^^^^^^^^^^^[0m [1;38;5;167morphan module not loaded from file[0m
   [1;38;5;68m|[0m
 [1;38;5;74mhelp[0m: consider loading `bar` from module `orphans::orphans`
   [1;38;5;68m|[0m
   [1;38;5;68m|[0m  [1;38;5;107mmod bar;[0m
   [1;38;5;68m|[0m  [1;38;5;107m++++++++[0m
   [1;38;5;68m|[0m

[1;38;5;209mwarning[0m: orphaned module `foo` at src/orphans/foo/mod.rs
  [1;38;5;68m-->[0m src/orphans.rs
   [1;38;5;68m|[0m  [1;38;5;167m^^^^^^^^^^^^^^[0m [1;38;5;167morphan module not loaded from file[0m
   [1;38;5;68m|[0m
 [1;38;5;74mhelp[0m: consider loading `foo` from module `orphans::orphans`
   [1;38;5;68m|[0m
   [1;38;5;68m|[0m  [1;38;5;107mmod foo;[0m
   [1;38;5;68m|[0m  [1;38;5;107m++++++++[0m
   [1;38;5;68m|[0m
