---
source: tests/structure.rs
expression: output
snapshot_kind: text
---
COMMAND:
structure
--no-fns

STDERR:

STDOUT:

crate smoke_structure
├── struct Adipiscing: pub(crate)
├── enum Amet: pub(crate)
├── struct Consectetur: pub(crate)
├── mod elit: pub(crate)
├── mod lorem: pub(crate)
│   ├── trait Amet: pub(self)
│   ├── mod adipiscing: pub(self)
│   ├── mod elit: pub(self)
│   │   ├── struct Ipsum: pub(self)
│   │   └── trait Lorem: pub(self)
│   └── mod sit: pub(self)
│       ├── enum Adipiscing: pub(self)
│       ├── mod elit: pub(self)
│       │   └── mod amet: pub(self)
│       │       ├── union Ipsum: pub(self)
│       │       └── mod dolor: pub(self)
│       │           ├── trait Amet: pub(self)
│       │           ├── enum Consectetur: pub(self)
│       │           └── mod adipiscing: pub(self)
│       │               ├── struct Consectetur: pub(self)
│       │               └── trait Dolor: pub(self)
│       └── mod ipsum: pub(self)
└── mod sit: pub(crate)
    ├── struct Ipsum: pub(self)
    └── mod dolor: pub(self)
        ├── mod ipsum: pub(self)
        │   ├── mod adipiscing: pub(self)
        │   │   └── enum Elit: pub(self)
        │   └── mod consectetur: pub(self)
        │       ├── union Dolor: pub(self)
        │       ├── struct Elit: pub(self)
        │       ├── trait Lorem: pub(self)
        │       └── trait Sit: pub(self)
        └── mod sit: pub(self)
            └── trait Elit: pub(self)
