---
source: tests/structure.rs
expression: output
---
STDERR:

STDOUT:

crate smoke
├── mod derives: pub(crate)
├── mod functions: pub(crate)
├── mod hierarchy: pub(crate)
│   └── mod lorem: pub(self)
├── mod methods: pub(crate)
├── mod orphans: pub(crate)
├── mod target: pub(crate)
├── mod uses: pub(crate)
│   └── mod cycle: pub(self)
└── mod visibility: pub(crate)
    └── mod dummy: pub(self)

