---
source: tests/structure.rs
expression: output
snapshot_kind: text
---
COMMAND:
structure
--package
workspace-package
--bin
foobar

STDERR:
Error: No package found with name "workspace-package".

Packages present in workspace:
- workspace_multi_package
- package_bin_target
- package_lib_target
- package_multi_target


STDOUT:
